../Core/Src/stm32f4xx_hal_msp.c:63:6:HAL_MspInit	8	static
../Core/Src/stm32f4xx_hal_msp.c:88:6:HAL_ADC_MspInit	48	static
../Core/Src/stm32f4xx_hal_msp.c:141:6:HAL_ADC_MspDeInit	8	static
../Core/Src/stm32f4xx_hal_msp.c:171:6:HAL_I2C_MspInit	48	static
../Core/Src/stm32f4xx_hal_msp.c:208:6:HAL_I2C_MspDeInit	8	static
../Core/Src/stm32f4xx_hal_msp.c:239:6:HAL_I2S_MspInit	64	static
../Core/Src/stm32f4xx_hal_msp.c:298:6:HAL_I2S_MspDeInit	8	static
../Core/Src/stm32f4xx_hal_msp.c:331:6:HAL_SPI_MspInit	40	static
../Core/Src/stm32f4xx_hal_msp.c:369:6:HAL_SPI_MspDeInit	0	static
../Core/Src/stm32f4xx_hal_msp.c:399:6:HAL_TIM_Base_MspInit	8	static
../Core/Src/stm32f4xx_hal_msp.c:422:6:HAL_TIM_Base_MspDeInit	0	static
../Core/Src/stm32f4xx_hal_msp.c:444:6:HAL_UART_MspInit	40	static
../Core/Src/stm32f4xx_hal_msp.c:484:6:HAL_UART_MspDeInit	8	static
