../Core/Src/main.c:107:5:main	7
../Core/Src/main.c:254:6:SystemClock_Config	3
../Core/Src/main.c:300:13:MX_ADC1_Init	3
../Core/Src/main.c:352:13:MX_I2C1_Init	2
../Core/Src/main.c:386:13:MX_I2S3_Init	2
../Core/Src/main.c:420:13:MX_SPI1_Init	2
../Core/Src/main.c:458:13:MX_TIM2_Init	4
../Core/Src/main.c:503:13:MX_USART2_UART_Init	2
../Core/Src/main.c:534:13:MX_DMA_Init	1
../Core/Src/main.c:552:13:MX_GPIO_Init	1
../Core/Src/main.c:664:6:HAL_ADC_ConvHalfCpltCallback	1
../Core/Src/main.c:669:6:HAL_ADC_ConvCpltCallback	1
../Core/Src/main.c:679:6:Error_Handler	1
